[debug] [2026-05-12T19:05:12.317Z] ----------------------------------------------------------------------
[debug] [2026-05-12T19:05:12.322Z] Command:       /usr/local/bin/node /usr/local/bin/firebase projects:list
[debug] [2026-05-12T19:05:12.322Z] CLI Version:   15.15.0
[debug] [2026-05-12T19:05:12.323Z] Platform:      linux
[debug] [2026-05-12T19:05:12.323Z] Node Version:  v22.22.2
[debug] [2026-05-12T19:05:12.323Z] Time:          Tue May 12 2026 19:05:12 GMT+0000 (Coordinated Universal Time)
[debug] [2026-05-12T19:05:12.323Z] ----------------------------------------------------------------------
[debug] 
[debug] [2026-05-12T19:05:12.715Z] > command requires scopes: ["email","openid","https://www.googleapis.com/auth/cloudplatformprojects.readonly","https://www.googleapis.com/auth/firebase","https://www.googleapis.com/auth/cloud-platform"]
[debug] [2026-05-12T19:05:12.759Z] Running auto auth
[debug] [2026-05-12T19:05:12.767Z] No OAuth tokens found
[debug] [2026-05-12T19:05:12.769Z] >>> [apiv2][query] GET https://firebase.googleapis.com/v1beta1/projects pageSize=1000
[debug] [2026-05-12T19:05:12.936Z] <<< [apiv2][status] GET https://firebase.googleapis.com/v1beta1/projects 403
[debug] [2026-05-12T19:05:12.937Z] <<< [apiv2][body] GET https://firebase.googleapis.com/v1beta1/projects [omitted]
[debug] [2026-05-12T19:05:12.937Z] Request to https://firebase.googleapis.com/v1beta1/projects?pageSize=1000 had HTTP Error: 403, Firebase Management API has not been used in project 490923249985 before or it is disabled. Enable it by visiting https://console.developers.google.com/apis/api/firebase.googleapis.com/overview?project=490923249985 then retry. If you enabled this API recently, wait a few minutes for the action to propagate to our systems and retry.
[debug] [2026-05-12T19:05:12.939Z] FirebaseError: Request to https://firebase.googleapis.com/v1beta1/projects?pageSize=1000 had HTTP Error: 403, Firebase Management API has not been used in project 490923249985 before or it is disabled. Enable it by visiting https://console.developers.google.com/apis/api/firebase.googleapis.com/overview?project=490923249985 then retry. If you enabled this API recently, wait a few minutes for the action to propagate to our systems and retry.
    at responseToError (/usr/local/lib/node_modules/firebase-tools/lib/responseToError.js:53:12)
    at RetryOperation._fn (/usr/local/lib/node_modules/firebase-tools/lib/apiv2.js:333:77)
    at process.processTicksAndRejections (node:internal/process/task_queues:103:5)
[error] 
[error] Error: Failed to list Firebase projects. See firebase-debug.log for more info.
